Copyright 1986-2022 Xilinx, Inc. All Rights Reserved. Copyright 2022-2024 Advanced Micro Devices, Inc. All Rights Reserved.
------------------------------------------------------------------------------------------------------------------------------------------------------------------------------------------------------------------------------------------------------
| Tool Version : Vivado v.2024.1 (lin64) Build 5076996 Wed May 22 18:36:09 MDT 2024
| Date         : Mon May 18 19:49:55 2026
| Host         : beta-HP-ProBook-430-G6 running 64-bit Ubuntu 20.04.6 LTS
| Command      : report_accelerator_utilization -kernels { DPUCZDX8G:vitis_design_i/DPUCZDX8G_1/inst:DPUCZDX8G_1 digitcaps_accel:vitis_design_i/digitcaps_accel_1/inst:digitcaps_accel_1} -file kernel_util_routed.rpt -name kernel_util_routed -json
| Design       : vitis_design_wrapper
| Device       : xczu9eg
| Design State : Routed
------------------------------------------------------------------------------------------------------------------------------------------------------------------------------------------------------------------------------------------------------

Accelerator Utilization Design Information

Table of Contents
-----------------
1. System Utilization

1. System Utilization
---------------------

+----------------------+------------------+------------------+------------------+---------------+----------------+
| Name                 | LUT              | LUTAsMem         | REG              | BRAM          | DSP            |
+----------------------+------------------+------------------+------------------+---------------+----------------+
| Platform             |  12325 [  4.50%] |    803 [  0.56%] |  22215 [  4.05%] |  87 [  9.54%] |    0 [  0.00%] |
| User Budget          | 261755 [100.00%] | 143197 [100.00%] | 525945 [100.00%] | 825 [100.00%] | 2520 [100.00%] |
|    Used Resources    | 161812 [ 61.82%] |  48947 [ 34.18%] | 167953 [ 31.93%] | 534 [ 64.73%] |  861 [ 34.17%] |
|    Unused Resources  |  99943 [ 38.18%] |  94250 [ 65.82%] | 357992 [ 68.07%] | 291 [ 35.27%] | 1659 [ 65.83%] |
| DPUCZDX8G            |  50404 [ 19.26%] |   6746 [  4.71%] |  98020 [ 18.64%] | 255 [ 30.91%] |  710 [ 28.17%] |
|    DPUCZDX8G_1       |  50404 [ 19.26%] |   6746 [  4.71%] |  98020 [ 18.64%] | 255 [ 30.91%] |  710 [ 28.17%] |
| digitcaps_accel      | 111408 [ 42.56%] |  42201 [ 29.47%] |  69933 [ 13.30%] | 279 [ 33.82%] |  151 [  5.99%] |
|    digitcaps_accel_1 | 111408 [ 42.56%] |  42201 [ 29.47%] |  69933 [ 13.30%] | 279 [ 33.82%] |  151 [  5.99%] |
+----------------------+------------------+------------------+------------------+---------------+----------------+


