Copyright 1986-2022 Xilinx, Inc. All Rights Reserved. Copyright 2022-2024 Advanced Micro Devices, Inc. All Rights Reserved.
---------------------------------------------------------------------------------------------------------------------------------------------
| Tool Version : Vivado v.2024.1 (lin64) Build 5076996 Wed May 22 18:36:09 MDT 2024
| Date         : Mon May 18 19:49:59 2026
| Host         : beta-HP-ProBook-430-G6 running 64-bit Ubuntu 20.04.6 LTS
| Command      : report_utilization -slr -file slr_util_routed.rpt -pb slr_util_routed.pb
| Design       : vitis_design_wrapper
| Device       : xczu9eg-ffvb1156-2-e
| Speed File   : -2
| Design State : Routed
---------------------------------------------------------------------------------------------------------------------------------------------

Utilization Design Information

Table of Contents
-----------------
1. CLB Logic
1.1 Summary of Registers by Type
2. CLB Logic Distribution
3. BLOCKRAM
4. ARITHMETIC
5. I/O
6. CLOCK
7. ADVANCED
8. CONFIGURATION
9. Primitives
10. Black Boxes
11. Instantiated Netlists

1. CLB Logic
------------

+----------------------------+--------+-------+------------+-----------+-------+
|          Site Type         |  Used  | Fixed | Prohibited | Available | Util% |
+----------------------------+--------+-------+------------+-----------+-------+
| CLB LUTs                   | 174126 |     0 |          0 |    274080 | 63.53 |
|   LUT as Logic             | 124376 |     0 |          0 |    274080 | 45.38 |
|   LUT as Memory            |  49750 |     0 |          0 |    144000 | 34.55 |
|     LUT as Distributed RAM |  42592 |     0 |            |           |       |
|     LUT as Shift Register  |   7158 |     0 |            |           |       |
| CLB Registers              | 190168 |     0 |          0 |    548160 | 34.69 |
|   Register as Flip Flop    | 190168 |     0 |          0 |    548160 | 34.69 |
|   Register as Latch        |      0 |     0 |          0 |    548160 |  0.00 |
| CARRY8                     |   5557 |     0 |          0 |     34260 | 16.22 |
| F7 Muxes                   |  21337 |     0 |          0 |    137040 | 15.57 |
| F8 Muxes                   |   8309 |     0 |          0 |     68520 | 12.13 |
| F9 Muxes                   |   1344 |     0 |          0 |     34260 |  3.92 |
+----------------------------+--------+-------+------------+-----------+-------+
* Warning! LUT value is adjusted to account for LUT combining.


1.1 Summary of Registers by Type
--------------------------------

+--------+--------------+-------------+--------------+
|  Total | Clock Enable | Synchronous | Asynchronous |
+--------+--------------+-------------+--------------+
| 0      |            _ |           - |            - |
| 0      |            _ |           - |          Set |
| 0      |            _ |           - |        Reset |
| 0      |            _ |         Set |            - |
| 0      |            _ |       Reset |            - |
| 0      |          Yes |           - |            - |
| 286    |          Yes |           - |          Set |
| 405    |          Yes |           - |        Reset |
| 863    |          Yes |         Set |            - |
| 188614 |          Yes |       Reset |            - |
+--------+--------------+-------------+--------------+


2. CLB Logic Distribution
-------------------------

+--------------------------------------------+--------+-------+------------+-----------+-------+
|                  Site Type                 |  Used  | Fixed | Prohibited | Available | Util% |
+--------------------------------------------+--------+-------+------------+-----------+-------+
| CLB                                        |  32341 |     0 |          0 |     34260 | 94.40 |
|   CLBL                                     |  14978 |     0 |            |           |       |
|   CLBM                                     |  17363 |     0 |            |           |       |
| LUT as Logic                               | 124376 |     0 |          0 |    274080 | 45.38 |
|   using O5 output only                     |    799 |       |            |           |       |
|   using O6 output only                     |  90490 |       |            |           |       |
|   using O5 and O6                          |  33087 |       |            |           |       |
| LUT as Memory                              |  49750 |     0 |          0 |    144000 | 34.55 |
|   LUT as Distributed RAM                   |  42592 |     0 |            |           |       |
|     using O5 output only                   |      0 |       |            |           |       |
|     using O6 output only                   |  41196 |       |            |           |       |
|     using O5 and O6                        |   1396 |       |            |           |       |
|   LUT as Shift Register                    |   7158 |     0 |            |           |       |
|     using O5 output only                   |      0 |       |            |           |       |
|     using O6 output only                   |   2434 |       |            |           |       |
|     using O5 and O6                        |   4724 |       |            |           |       |
| CLB Registers                              | 190168 |     0 |          0 |    548160 | 34.69 |
|   Register driven from within the CLB      |  92919 |       |            |           |       |
|   Register driven from outside the CLB     |  97249 |       |            |           |       |
|     LUT in front of the register is unused |  69262 |       |            |           |       |
|     LUT in front of the register is used   |  27987 |       |            |           |       |
| Unique Control Sets                        |   3446 |       |          0 |     68520 |  5.03 |
+--------------------------------------------+--------+-------+------------+-----------+-------+
* * Note: Available Control Sets calculated as Slices * 2, Review the Control Sets Report for more information regarding control sets.


3. BLOCKRAM
-----------

+-------------------+-------+-------+------------+-----------+-------+
|     Site Type     |  Used | Fixed | Prohibited | Available | Util% |
+-------------------+-------+-------+------------+-----------+-------+
| Block RAM Tile    | 621.5 |     0 |          0 |       912 | 68.15 |
|   RAMB36/FIFO*    |   584 |     0 |          0 |       912 | 64.04 |
|     RAMB36E2 only |   584 |       |            |           |       |
|   RAMB18          |    75 |     0 |          0 |      1824 |  4.11 |
|     RAMB18E2 only |    75 |       |            |           |       |
+-------------------+-------+-------+------------+-----------+-------+
* Note: Each Block RAM Tile only has one FIFO logic available and therefore can accommodate only one FIFO36E2 or one FIFO18E2. However, if a FIFO18E2 occupies a Block RAM Tile, that tile can still accommodate a RAMB18E2


4. ARITHMETIC
-------------

+----------------+------+-------+------------+-----------+-------+
|    Site Type   | Used | Fixed | Prohibited | Available | Util% |
+----------------+------+-------+------------+-----------+-------+
| DSPs           |  861 |     0 |          0 |      2520 | 34.17 |
|   DSP48E2 only |  861 |       |            |           |       |
+----------------+------+-------+------------+-----------+-------+


5. I/O
------

+------------------+------+-------+------------+-----------+-------+
|     Site Type    | Used | Fixed | Prohibited | Available | Util% |
+------------------+------+-------+------------+-----------+-------+
| Bonded IOB       |    0 |     0 |          0 |       328 |  0.00 |
| HPIOB_M          |    0 |     0 |          0 |        96 |  0.00 |
| HPIOB_S          |    0 |     0 |          0 |        96 |  0.00 |
| HDIOB_M          |    0 |     0 |          0 |        60 |  0.00 |
| HDIOB_S          |    0 |     0 |          0 |        60 |  0.00 |
| HPIOB_SNGL       |    0 |     0 |          0 |        16 |  0.00 |
| HPIOBDIFFINBUF   |    0 |     0 |          0 |        96 |  0.00 |
| HPIOBDIFFOUTBUF  |    0 |     0 |          0 |        96 |  0.00 |
| HDIOBDIFFINBUF   |    0 |     0 |          0 |        60 |  0.00 |
| BITSLICE_CONTROL |    0 |     0 |          0 |        32 |  0.00 |
| BITSLICE_RX_TX   |    0 |     0 |          0 |      1248 |  0.00 |
| BITSLICE_TX      |    0 |     0 |          0 |        32 |  0.00 |
| RIU_OR           |    0 |     0 |          0 |        16 |  0.00 |
+------------------+------+-------+------------+-----------+-------+


6. CLOCK
--------

+------------+------+-------+------------+-----------+-------+
|  Site Type | Used | Fixed | Prohibited | Available | Util% |
+------------+------+-------+------------+-----------+-------+
| BUFGCE     |    3 |     0 |          0 |       116 |  2.59 |
| BUFGCE_DIV |    0 |     0 |          0 |        16 |  0.00 |
| BUFG_GT    |    0 |     0 |          0 |       168 |  0.00 |
| BUFG_PS    |    1 |     0 |          0 |        72 |  1.39 |
| BUFGCTRL*  |    0 |     0 |          0 |        32 |  0.00 |
| PLL        |    0 |     0 |          0 |         8 |  0.00 |
| MMCM       |    1 |     0 |          0 |         4 | 25.00 |
+------------+------+-------+------------+-----------+-------+
* Note: Each used BUFGCTRL counts as two GLOBAL CLOCK BUFFERs. This table does not include global clocking resources, only buffer cell usage. See the Clock Utilization Report (report_clock_utilization) for detailed accounting of global clocking resource availability.


7. ADVANCED
-----------

+-----------------+------+-------+------------+-----------+--------+
|    Site Type    | Used | Fixed | Prohibited | Available |  Util% |
+-----------------+------+-------+------------+-----------+--------+
| GTHE4_CHANNEL   |    0 |     0 |          0 |        24 |   0.00 |
| GTHE4_COMMON    |    0 |     0 |          0 |         6 |   0.00 |
| OBUFDS_GTE4     |    0 |     0 |          0 |        12 |   0.00 |
| OBUFDS_GTE4_ADV |    0 |     0 |          0 |        12 |   0.00 |
| PS8             |    1 |     0 |          0 |         1 | 100.00 |
| SYSMONE4        |    0 |     0 |          0 |         1 |   0.00 |
+-----------------+------+-------+------------+-----------+--------+


8. CONFIGURATION
----------------

+-------------+------+-------+------------+-----------+-------+
|  Site Type  | Used | Fixed | Prohibited | Available | Util% |
+-------------+------+-------+------------+-----------+-------+
| BSCANE2     |    0 |     0 |          0 |         4 |  0.00 |
| DNA_PORTE2  |    0 |     0 |          0 |         1 |  0.00 |
| EFUSE_USR   |    0 |     0 |          0 |         1 |  0.00 |
| FRAME_ECCE4 |    0 |     0 |          0 |         1 |  0.00 |
| ICAPE3      |    0 |     0 |          0 |         2 |  0.00 |
| MASTER_JTAG |    0 |     0 |          0 |         1 |  0.00 |
| STARTUPE3   |    0 |     0 |          0 |         1 |  0.00 |
+-------------+------+-------+------------+-----------+-------+


9. Primitives
-------------

+------------+--------+---------------------+
|  Ref Name  |  Used  | Functional Category |
+------------+--------+---------------------+
| FDRE       | 188614 |            Register |
| LUT3       |  57781 |                 CLB |
| LUT6       |  42084 |                 CLB |
| RAMD64E    |  29608 |                 CLB |
| LUT2       |  24455 |                 CLB |
| MUXF7      |  21337 |                 CLB |
| LUT4       |  12148 |                 CLB |
| LUT5       |  11867 |                 CLB |
| RAMS64E1   |  10752 |                 CLB |
| SRL16E     |  10604 |                 CLB |
| LUT1       |   9128 |                 CLB |
| MUXF8      |   8309 |                 CLB |
| CARRY8     |   5557 |                 CLB |
| RAMD32     |   2414 |                 CLB |
| MUXF9      |   1344 |                 CLB |
| SRLC32E    |   1278 |                 CLB |
| FDSE       |    863 |            Register |
| DSP48E2    |    861 |          Arithmetic |
| RAMS64E    |    832 |                 CLB |
| RAMB36E2   |    584 |            BLOCKRAM |
| FDCE       |    405 |            Register |
| RAMS32     |    382 |                 CLB |
| FDPE       |    286 |            Register |
| RAMB18E2   |     75 |            BLOCKRAM |
| BUFGCE     |      3 |               Clock |
| PS8        |      1 |            Advanced |
| MMCME4_ADV |      1 |               Clock |
| BUFG_PS    |      1 |               Clock |
+------------+--------+---------------------+


10. Black Boxes
---------------

+----------+------+
| Ref Name | Used |
+----------+------+


11. Instantiated Netlists
-------------------------

+-------------------------------------+------+
|               Ref Name              | Used |
+-------------------------------------+------+
| vitis_design_xbar_5                 |    1 |
| vitis_design_xbar_4                 |    1 |
| vitis_design_xbar_3                 |    1 |
| vitis_design_s02_regslice_0         |    1 |
| vitis_design_s02_data_fifo_0        |    1 |
| vitis_design_s01_regslice_5         |    1 |
| vitis_design_s01_regslice_4         |    1 |
| vitis_design_s01_data_fifo_5        |    1 |
| vitis_design_s01_data_fifo_4        |    1 |
| vitis_design_s00_regslice_5         |    1 |
| vitis_design_s00_regslice_4         |    1 |
| vitis_design_ps_e_0                 |    1 |
| vitis_design_proc_sys_reset_2_0     |    1 |
| vitis_design_proc_sys_reset_1_0     |    1 |
| vitis_design_m02_regslice_0         |    1 |
| vitis_design_m01_regslice_0         |    1 |
| vitis_design_m00_regslice_5         |    1 |
| vitis_design_m00_regslice_4         |    1 |
| vitis_design_m00_data_fifo_5        |    1 |
| vitis_design_m00_data_fifo_4        |    1 |
| vitis_design_digitcaps_accel_1_0    |    1 |
| vitis_design_clk_wiz_0_0            |    1 |
| vitis_design_axi_vip_1_0            |    1 |
| vitis_design_axi_vip_0_0            |    1 |
| vitis_design_axi_register_slice_0_0 |    1 |
| vitis_design_axi_intc_0_0           |    1 |
| vitis_design_auto_us_df_1           |    1 |
| vitis_design_auto_us_df_0           |    1 |
| vitis_design_auto_us_1              |    1 |
| vitis_design_auto_us_0              |    1 |
| vitis_design_auto_pc_0              |    1 |
| vitis_design_auto_ds_1              |    1 |
| vitis_design_auto_ds_0              |    1 |
| vitis_design_auto_cc_1              |    1 |
| vitis_design_auto_cc_0              |    1 |
| vitis_design_DPUCZDX8G_1_0          |    1 |
+-------------------------------------+------+


