Copyright 1986-2022 Xilinx, Inc. All Rights Reserved. Copyright 2022-2024 Advanced Micro Devices, Inc. All Rights Reserved.
--------------------------------------------------------------------------------------------------------------------------------------------------------------------------------------------------------------------------------------------------------
| Tool Version : Vivado v.2024.1 (lin64) Build 5076996 Wed May 22 18:36:09 MDT 2024
| Date         : Mon May 18 16:19:36 2026
| Host         : beta-HP-ProBook-430-G6 running 64-bit Ubuntu 20.04.6 LTS
| Command      : report_accelerator_utilization -kernels { DPUCZDX8G:vitis_design_i/DPUCZDX8G_1/inst:DPUCZDX8G_1 digitcaps_accel:vitis_design_i/digitcaps_accel_1/inst:digitcaps_accel_1} -file kernel_util_synthed.rpt -name kernel_util_synthed -json
| Design       : vitis_design_wrapper
| Device       : xczu9eg
| Design State : Synthesized
--------------------------------------------------------------------------------------------------------------------------------------------------------------------------------------------------------------------------------------------------------

Accelerator Utilization Design Information

Table of Contents
-----------------
1. System Utilization

1. System Utilization
---------------------

+----------------------+------------------+------------------+------------------+---------------+----------------+
| Name                 | LUT              | LUTAsMem         | REG              | BRAM          | DSP            |
+----------------------+------------------+------------------+------------------+---------------+----------------+
| Platform             |  15073 [  5.50%] |    994 [  0.69%] |  25406 [  4.63%] |  87 [  9.54%] |    0 [  0.00%] |
| User Budget          | 259007 [100.00%] | 143006 [100.00%] | 522754 [100.00%] | 825 [100.00%] | 2520 [100.00%] |
|    Used Resources    | 163848 [ 63.26%] |  50345 [ 35.20%] | 169802 [ 32.48%] | 534 [ 64.73%] |  861 [ 34.17%] |
|    Unused Resources  |  95159 [ 36.74%] |  92661 [ 64.80%] | 352952 [ 67.52%] | 291 [ 35.27%] | 1659 [ 65.83%] |
| DPUCZDX8G            |  51733 [ 19.97%] |   7137 [  4.99%] |  99575 [ 19.05%] | 255 [ 30.91%] |  710 [ 28.17%] |
|    DPUCZDX8G_1       |  51733 [ 19.97%] |   7137 [  4.99%] |  99575 [ 19.05%] | 255 [ 30.91%] |  710 [ 28.17%] |
| digitcaps_accel      | 112115 [ 43.29%] |  43208 [ 30.21%] |  70227 [ 13.43%] | 279 [ 33.82%] |  151 [  5.99%] |
|    digitcaps_accel_1 | 112115 [ 43.29%] |  43208 [ 30.21%] |  70227 [ 13.43%] | 279 [ 33.82%] |  151 [  5.99%] |
+----------------------+------------------+------------------+------------------+---------------+----------------+


