#-----------------------------------------------------------
# Vivado v2024.1 (64-bit)
# SW Build 5076996 on Wed May 22 18:36:09 MDT 2024
# IP Build 5075265 on Wed May 22 21:45:21 MDT 2024
# SharedData Build 5076995 on Wed May 22 18:29:18 MDT 2024
# Start of session at: Mon May 18 16:13:55 2026
# Process ID: 20353
# Current directory: /home/beta/P4P-CapsuleNetworkAccelerator/accel/app/CapsuleNetwork/build_flow/DPUCZDX8G_zcu102/binary_container_1/link/vivado/vpl/prj/prj.runs/synth_1
# Command line: vivado -log vitis_design_wrapper.vds -product Vivado -mode batch -messageDb vivado.pb -notrace -source vitis_design_wrapper.tcl
# Log file: /home/beta/P4P-CapsuleNetworkAccelerator/accel/app/CapsuleNetwork/build_flow/DPUCZDX8G_zcu102/binary_container_1/link/vivado/vpl/prj/prj.runs/synth_1/vitis_design_wrapper.vds
# Journal file: /home/beta/P4P-CapsuleNetworkAccelerator/accel/app/CapsuleNetwork/build_flow/DPUCZDX8G_zcu102/binary_container_1/link/vivado/vpl/prj/prj.runs/synth_1/vivado.jou
# Running On        :beta-HP-ProBook-430-G6
# Platform          :Ubuntu
# Operating System  :Ubuntu 20.04.6 LTS
# Processor Detail  :Intel(R) Core(TM) i5-8265U CPU @ 1.60GHz
# CPU Frequency     :1800.000 MHz
# CPU Physical cores:4
# CPU Logical cores :8
# Host memory       :8196 MB
# Swap memory       :8589 MB
# Total Virtual     :16785 MB
# Available Virtual :11405 MB
#-----------------------------------------------------------
source vitis_design_wrapper.tcl -notrace
